I'm sorry, but errors were detected in your script. Please correct the
errors listed below, and try again.


File "game/rpgmode/battlemode.rpy", line 143: expected statement.
    nvl "Game Over."
       ^

File "game/rpgmode/battlemode.rpy", line 150: expected statement.
    nvl "Game Over."
       ^

Ren'Py Version: Ren'Py 7.1.3.1092
Tue Mar 12 21:31:36 2019
